rows: 32
cols: 48

cells:
  - '################################################'
  - '#...................................############'
  - '#.xxxxx.##..###...#####...###..##...############'
  - '#.xxxxx.##..###...#####...###..##...############'
  - '#.xxxxx.....###...#####...###.......############'
  - '#.xxxxx.##........#####........##...############'
  - '#.xxxxx.##........#####........##...############'
  - '#.xxxxx.....###...xxxxx...###.......############'
  - '#.xxxxx.##..###...xxxxx...###..##...############'
  - '#.xxxxx.##..###...xxxxx...###..##...############'
  - '#.xxxxx...........#####.............############'
  - '#.xxxxx.##........#####........##...############'
  - '#.xxxxx.##..###...#####...###..##...############'
  - '#.xxxxx.....###...#####...###.......############'
  - '#.xxxxx.##..###...#####...###..##...############'
  - '#.xxxxx.##........xxxxx........##...############'
  - '#.xxxxx...........xxxxx...........@.############'
  - '#.xxxxx.##..###...xxxxx...###..##...############'
  - '#.xxxxx.##..###...#####...###..##...############'
  - '#.xxxxx.....###...#####...###.......############'
  - '#.xxxxx.##........#####........##...############'
  - '#.xxxxx.##........#####........##...############'
  - '#.xxxxx.....###...#####...###.......############'
  - '#.xxxxx.##..###...xxxxx...###..##...############'
  - '#.xxxxx.##..###...xxxxx...###..##...############'
  - '#.xxxxx...........xxxxx.............############'
  - '#.xxxxx.##........xxxxx........##...############'
  - '#.xxxxx.##..###...#####...###..##...############'
  - '#.xxxxx.....###...#####...###.......############'
  - '#.xxxxx.##..###...#####...###..##...############'
  - '#.......##........#####........##...############'
  - '################################################'

