rows: 32
cols: 48

cells:
  - '################################################'
  - '#...................................############'
  - '#.xxxxx.##..###...#####...###..##...############'
  - '#.xxxxx.##..###...#####...###..##...############'
  - '#.xxxxx.....###...#####...###.......############'
  - '#.xxxxx.##........#####...xxx..##...############'
  - '#.xxxxx.##........#####...xxx..##...############'
  - '#...........###...xxxxx...###.......############'
  - '#.......##..###...xxxxx...###..##...############'
  - '#.......##..###...xxxxx...###..##...############'
  - '#.xxxxx...........#####...xxx.......############'
  - '#.xxxxx.##........#####...xxx..##...############'
  - '#.xxxxx.##..###...#####...###..##...############'
  - '#.xxxxx.....###...#####...###.......############'
  - '#.xxxxx.##..###...#####...###..##...############'
  - '#.......##........xxxxx...xxx..##...############'
  - '#.................xxxxx...xxx.....@.############'
  - '#.......##..###...xxxxx...###..##...############'
  - '#.xxxxx.##..###...#####...###..##...############'
  - '#.xxxxx.....###...#####...###.......############'
  - '#.xxxxx.##........#####...xxx..##...############'
  - '#.xxxxx.##........#####...xxx..##...############'
  - '#.xxxxx.....###...#####...###.......############'
  - '#.......##..###...xxxxx...###..##...############'
  - '#.......##..###...xxxxx...###..##...############'
  - '#.................xxxxx...xxx.......############'
  - '#.......##........xxxxx...xxx..##...############'
  - '#.xxxxx.##..###...#####...###..##...############'
  - '#.xxxxx.....###...#####...###.......############'
  - '#.xxxxx.##..###...#####...###..##...############'
  - '#.......##........#####........##...############'
  - '################################################'

